
Memory Configuration

Name             Origin             Length             Attributes
flash            0x08000000         0x00020000         xr
sram             0x20000000         0x00005000         xrw
*default*        0x00000000         0xffffffff

Linker script and memory map


.text           0x08000000      0x128
 *(.vectors*)
 .vectors       0x08000000       0x18 startup.o
                0x08000000                vectors
 *(.text*)
 .text          0x08000018       0x7c main.o
                0x08000018                main
 .text          0x08000094       0x90 startup.o
                0x08000094                NMI_Handler
                0x08000094                MM_F_Handler
                0x08000094                Bus_F
                0x08000094                Default_Handler
                0x08000094                Hard_F_Handler
                0x080000a0                Reset_Handler
 *(.rodata)
 .rodata        0x08000124        0x3 main.o
                0x08000124                const_variable
                0x08000128                . = ALIGN (0x4)
 *fill*         0x08000127        0x1 
                0x08000128                _E_text = .

.glue_7         0x08000128        0x0
 .glue_7        0x08000128        0x0 linker stubs

.glue_7t        0x08000128        0x0
 .glue_7t       0x08000128        0x0 linker stubs

.vfp11_veneer   0x08000128        0x0
 .vfp11_veneer  0x08000128        0x0 linker stubs

.v4_bx          0x08000128        0x0
 .v4_bx         0x08000128        0x0 linker stubs

.iplt           0x08000128        0x0
 .iplt          0x08000128        0x0 main.o

.rel.dyn        0x08000128        0x0
 .rel.iplt      0x08000128        0x0 main.o

.data           0x20000000        0x4 load address 0x08000128
                0x20000000                _S_data = .
 *(.data)
 .data          0x20000000        0x3 main.o
                0x20000000                g_variable
 .data          0x20000003        0x0 startup.o
                0x20000004                . = ALIGN (0x4)
 *fill*         0x20000003        0x1 
                0x20000004                _E_data = .

.igot.plt       0x20000004        0x0 load address 0x0800012c
 .igot.plt      0x20000004        0x0 main.o

.bss            0x20000004     0x1000 load address 0x0800012c
                0x20000004                _S_bss = .
 *(.bss)
 .bss           0x20000004        0x0 main.o
 .bss           0x20000004        0x0 startup.o
                0x20000004                _E_bss = .
                0x20000004                . = ALIGN (0x4)
                0x20001004                . = (. + 0x1000)
 *fill*         0x20000004     0x1000 
                0x20001004                stack_star = .
LOAD main.o
LOAD startup.o
OUTPUT(learn-in-depth-cortex-m3.elf elf32-littlearm)

.debug_info     0x00000000      0x286
 .debug_info    0x00000000       0xf7 main.o
 .debug_info    0x000000f7      0x18f startup.o

.debug_abbrev   0x00000000      0x15e
 .debug_abbrev  0x00000000       0x8a main.o
 .debug_abbrev  0x0000008a       0xd4 startup.o

.debug_loc      0x00000000       0xb4
 .debug_loc     0x00000000       0x38 main.o
 .debug_loc     0x00000038       0x7c startup.o

.debug_aranges  0x00000000       0x40
 .debug_aranges
                0x00000000       0x20 main.o
 .debug_aranges
                0x00000020       0x20 startup.o

.debug_line     0x00000000      0x1cb
 .debug_line    0x00000000       0xdd main.o
 .debug_line    0x000000dd       0xee startup.o

.debug_str      0x00000000      0x19e
 .debug_str     0x00000000      0x11e main.o
                                0x15b (size before relaxing)
 .debug_str     0x0000011e       0x80 startup.o
                                0x1b5 (size before relaxing)

.comment        0x00000000       0x7e
 .comment       0x00000000       0x7e main.o
                                 0x7f (size before relaxing)
 .comment       0x0000007e       0x7f startup.o

.ARM.attributes
                0x00000000       0x33
 .ARM.attributes
                0x00000000       0x33 main.o
 .ARM.attributes
                0x00000033       0x33 startup.o

.debug_frame    0x00000000       0x7c
 .debug_frame   0x00000000       0x2c main.o
 .debug_frame   0x0000002c       0x50 startup.o
