
Memory Configuration

Name             Origin             Length             Attributes
flash            0x08000000         0x00020000         xr
sram             0x20000000         0x00005000         xrw
*default*        0x00000000         0xffffffff

Linker script and memory map


.text           0x08000000       0x98
 *(.vectors*)
 .vectors       0x08000000       0x14 startup.o
 *(.text*)
 .text          0x08000014        0x8 startup.o
 .text          0x0800001c       0x7c main.o
                0x0800001c                main
 *(.rodata)

.glue_7         0x08000098        0x0
 .glue_7        0x08000098        0x0 linker stubs

.glue_7t        0x08000098        0x0
 .glue_7t       0x08000098        0x0 linker stubs

.vfp11_veneer   0x08000098        0x0
 .vfp11_veneer  0x08000098        0x0 linker stubs

.v4_bx          0x08000098        0x0
 .v4_bx         0x08000098        0x0 linker stubs

.iplt           0x08000098        0x0
 .iplt          0x08000098        0x0 startup.o

.rel.dyn        0x08000098        0x0
 .rel.iplt      0x08000098        0x0 startup.o

.data           0x08000098        0x0
 *(.data)
 .data          0x08000098        0x0 startup.o
 .data          0x08000098        0x0 main.o

.igot.plt       0x08000098        0x0
 .igot.plt      0x08000098        0x0 startup.o

.bss            0x20000000        0x0
 *(.bss)
 .bss           0x20000000        0x0 startup.o
 .bss           0x20000000        0x0 main.o
LOAD startup.o
LOAD main.o
OUTPUT(learn-in-depth-cortex-m3.elf elf32-littlearm)

.ARM.attributes
                0x00000000       0x2f
 .ARM.attributes
                0x00000000       0x21 startup.o
 .ARM.attributes
                0x00000021       0x33 main.o

.comment        0x00000000       0x7e
 .comment       0x00000000       0x7e main.o
                                 0x7f (size before relaxing)

.debug_line     0x00000000      0x118
 .debug_line    0x00000000       0x3b startup.o
 .debug_line    0x0000003b       0xdd main.o

.debug_info     0x00000000       0xcf
 .debug_info    0x00000000       0x26 startup.o
 .debug_info    0x00000026       0xa9 main.o

.debug_abbrev   0x00000000       0x74
 .debug_abbrev  0x00000000       0x14 startup.o
 .debug_abbrev  0x00000014       0x60 main.o

.debug_aranges  0x00000000       0x40
 .debug_aranges
                0x00000000       0x20 startup.o
 .debug_aranges
                0x00000020       0x20 main.o

.debug_str      0x00000000      0x11b
 .debug_str     0x00000000       0x49 startup.o
 .debug_str     0x00000049       0xd2 main.o
                                0x13f (size before relaxing)

.debug_loc      0x00000000       0x38
 .debug_loc     0x00000000       0x38 main.o

.debug_frame    0x00000000       0x2c
 .debug_frame   0x00000000       0x2c main.o
